DIRECTOR,MOVIES,MIN_RANK,AVG_RANK,MAX_RANK
Ethan Coen,2,7.8,8.0,8.2
Joel Coen,2,7.8,8.0,8.2
Quentin Tarantino,4,8.2,8.4,8.7
