ACTOR,LARGEST_GAP,MOVIE_COUNT
Michael (I) Madsen,11,3
Stevo Polyi,11,3
Bill Paxton,9,3
Uma Thurman,9,3
Kevin Bacon,6,9
Steve Buscemi,2,3
Brad Pitt,1,3
